Archive member included to satisfy reference by file (symbol)

D:/Program Files/SEGGER/SEGGER Embedded Studio for ARM 4.50/lib/libc_v7em_fpv4_sp_d16_hard_t_le_eabi.a(libc2.o)
                              Output/PWM Debug/Obj/SEGGER_RTT_SES.o (vsnprintf)
D:/Program Files/SEGGER/SEGGER Embedded Studio for ARM 4.50/lib/libc_v7em_fpv4_sp_d16_hard_t_le_eabi.a(libc2_asm.o)
                              Output/PWM Debug/Obj/SEGGER_RTT.o (memcpy)
D:/Program Files/SEGGER/SEGGER Embedded Studio for ARM 4.50/lib/libc_v7em_fpv4_sp_d16_hard_t_le_eabi.a(libc.o)
                              D:/Program Files/SEGGER/SEGGER Embedded Studio for ARM 4.50/lib/libc_v7em_fpv4_sp_d16_hard_t_le_eabi.a(libc2.o) (__heap_lock)
D:/Program Files/SEGGER/SEGGER Embedded Studio for ARM 4.50/lib/libc_v7em_fpv4_sp_d16_hard_t_le_eabi.a(libc_asm.o)
                              D:/Program Files/SEGGER/SEGGER Embedded Studio for ARM 4.50/lib/libc_v7em_fpv4_sp_d16_hard_t_le_eabi.a(libc2.o) (__aeabi_uldivmod)
D:/Program Files/SEGGER/SEGGER Embedded Studio for ARM 4.50/lib/libdebugio_v7em_fpv4_sp_d16_hard_t_le_eabi.a(libdebugio.o)
                              Output/PWM Debug/Obj/thumb_crt0.o (debug_fopen)
D:/Program Files/SEGGER/SEGGER Embedded Studio for ARM 4.50/lib/libdebugio_mempoll_v7em_fpv4_sp_d16_hard_t_le_eabi.a(mempoll_debug_operations.o)
                              D:/Program Files/SEGGER/SEGGER Embedded Studio for ARM 4.50/lib/libdebugio_v7em_fpv4_sp_d16_hard_t_le_eabi.a(libdebugio.o) (__do_debug_operation)
D:/Program Files/SEGGER/SEGGER Embedded Studio for ARM 4.50/lib/libdebugio_mempoll_v7em_fpv4_sp_d16_hard_t_le_eabi.a(do_nv_debug_operation.o)
                              D:/Program Files/SEGGER/SEGGER Embedded Studio for ARM 4.50/lib/libdebugio_v7em_fpv4_sp_d16_hard_t_le_eabi.a(libdebugio.o) (__do_nvdebug_operation)
D:/Program Files/SEGGER/SEGGER Embedded Studio for ARM 4.50/lib/libm_v7em_fpv4_sp_d16_hard_t_le_eabi.a(libm_asm.o)
                              D:/Program Files/SEGGER/SEGGER Embedded Studio for ARM 4.50/lib/libc_v7em_fpv4_sp_d16_hard_t_le_eabi.a(libc2.o) (__aeabi_dadd)
D:/Program Files/SEGGER/SEGGER Embedded Studio for ARM 4.50/lib/libm_v7em_fpv4_sp_d16_hard_t_le_eabi.a(libm2.o)
                              D:/Program Files/SEGGER/SEGGER Embedded Studio for ARM 4.50/lib/libvfprintf_v7em_fpv4_sp_d16_hard_t_le_eabi.o (frexp)

Discarded input sections

 .group         0x0000000000000000        0xc Output/PWM Debug/Obj/system_stm32f4xx.o
 .group         0x0000000000000000        0xc Output/PWM Debug/Obj/system_stm32f4xx.o
 .group         0x0000000000000000        0xc Output/PWM Debug/Obj/system_stm32f4xx.o
 .group         0x0000000000000000        0xc Output/PWM Debug/Obj/system_stm32f4xx.o
 .group         0x0000000000000000        0xc Output/PWM Debug/Obj/system_stm32f4xx.o
 .group         0x0000000000000000        0xc Output/PWM Debug/Obj/system_stm32f4xx.o
 .group         0x0000000000000000        0xc Output/PWM Debug/Obj/system_stm32f4xx.o
 .group         0x0000000000000000        0xc Output/PWM Debug/Obj/system_stm32f4xx.o
 .group         0x0000000000000000        0xc Output/PWM Debug/Obj/system_stm32f4xx.o
 .group         0x0000000000000000        0xc Output/PWM Debug/Obj/system_stm32f4xx.o
 .group         0x0000000000000000        0xc Output/PWM Debug/Obj/system_stm32f4xx.o
 .text          0x0000000000000000        0x0 Output/PWM Debug/Obj/system_stm32f4xx.o
 .data          0x0000000000000000        0x0 Output/PWM Debug/Obj/system_stm32f4xx.o
 .bss           0x0000000000000000        0x0 Output/PWM Debug/Obj/system_stm32f4xx.o
 .init          0x0000000000000000        0x0 Output/PWM Debug/Obj/system_stm32f4xx.o
 .data.SystemCoreClock
                0x0000000000000000        0x4 Output/PWM Debug/Obj/system_stm32f4xx.o
 .init_rodata.AHBPrescTable
                0x0000000000000000       0x10 Output/PWM Debug/Obj/system_stm32f4xx.o
 .init_rodata.APBPrescTable
                0x0000000000000000        0x8 Output/PWM Debug/Obj/system_stm32f4xx.o
 .init.SystemCoreClockUpdate
                0x0000000000000000       0xf8 Output/PWM Debug/Obj/system_stm32f4xx.o
 .group         0x0000000000000000        0xc Output/PWM Debug/Obj/SEGGER_RTT.o
 .group         0x0000000000000000        0xc Output/PWM Debug/Obj/SEGGER_RTT.o
 .group         0x0000000000000000        0xc Output/PWM Debug/Obj/SEGGER_RTT.o
 .group         0x0000000000000000        0xc Output/PWM Debug/Obj/SEGGER_RTT.o
 .group         0x0000000000000000        0xc Output/PWM Debug/Obj/SEGGER_RTT.o
 .group         0x0000000000000000        0xc Output/PWM Debug/Obj/SEGGER_RTT.o
 .group         0x0000000000000000        0xc Output/PWM Debug/Obj/SEGGER_RTT.o
 .group         0x0000000000000000        0xc Output/PWM Debug/Obj/SEGGER_RTT.o
 .group         0x0000000000000000        0xc Output/PWM Debug/Obj/SEGGER_RTT.o
 .group         0x0000000000000000        0xc Output/PWM Debug/Obj/SEGGER_RTT.o
[...]
Memory Configuration

Name             Origin             Length             Attributes
UNPLACED_SECTIONS 0x0000000100000000 0x0000000000000000 xw
RAM              0x0000000020000000 0x0000000000020000 xw
FLASH            0x0000000008000000 0x0000000000080000 xr
*default*        0x0000000000000000 0xffffffffffffffff

Linker script and memory map

                0x0000000000000000                __vfprintf = __vfprintf_int_nwp
                0x0000000000000000                __vfscanf = __vfscanf_int
                0x0000000020000000                __RAM_segment_start__ = 0x20000000
                0x0000000020020000                __RAM_segment_end__ = 0x20020000
                0x0000000000020000                __RAM_segment_size__ = 0x20000
                0x0000000008000000                __FLASH_segment_start__ = 0x8000000
                0x0000000008080000                __FLASH_segment_end__ = 0x8080000
                0x0000000000080000                __FLASH_segment_size__ = 0x80000
                0x0000000000000100                __HEAPSIZE__ = 0x100
                0x0000000000000000                __STACKSIZE_PROCESS__ = 0x0
                0x0000000000000100                __STACKSIZE__ = 0x100
                0x0000000020000000                __vectors_ram_load_start__ = ALIGN (__RAM_segment_start__, 0x100)

.vectors_ram    0x0000000020000000        0x0
                0x0000000020000000                __vectors_ram_start__ = .
 *(.vectors_ram .vectors_ram.*)
                0x0000000020000000                __vectors_ram_end__ = (__vectors_ram_start__ + SIZEOF (.vectors_ram))
                0x0000000000000000                __vectors_ram_size__ = SIZEOF (.vectors_ram)
                0x0000000020000000                __vectors_ram_load_end__ = __vectors_ram_end__
                0x0000000000000001                . = ASSERT (((__vectors_ram_start__ == __vectors_ram_end__) || ((__vectors_ram_end__ - __RAM_segment_start__) <= __RAM_segment_size__)), error: .vectors_ram is too large to fit in RAM memory segment)
                0x0000000008000000                __vectors_load_start__ = ALIGN (__FLASH_segment_start__, 0x100)

.vectors        0x0000000008000000      0x1a8
                0x0000000008000000                __vectors_start__ = .
 *(.vectors .vectors.*)
 .vectors       0x0000000008000000      0x1a8 Output/PWM Debug/Obj/STM32F446x_Vectors.o
                0x0000000008000000                _vectors
                0x00000000080001a8                __vectors_end__ = (__vectors_start__ + SIZEOF (.vectors))
                0x00000000000001a8                __vectors_size__ = SIZEOF (.vectors)
                0x00000000080001a8                __vectors_load_end__ = __vectors_end__
                0x0000000000000001                . = ASSERT (((__vectors_start__ == __vectors_end__) || ((__vectors_end__ - __FLASH_segment_start__) <= __FLASH_segment_size__)), error: .vectors is too large to fit in FLASH memory segment)
                0x00000000080001a8                __init_load_start__ = ALIGN (__vectors_end__, 0x4)

.init           0x00000000080001a8      0x2a0
                0x00000000080001a8                __init_start__ = .
 *(.init .init.*)
 .init.SystemInit
                0x00000000080001a8       0x64 Output/PWM Debug/Obj/system_stm32f4xx.o
                0x00000000080001a8                SystemInit
 .init          0x000000000800020c      0x154 Output/PWM Debug/Obj/thumb_crt0.o
                0x000000000800020c                _start
                0x00000000080002bc                exit
 .init          0x0000000008000360       0x3c Output/PWM Debug/Obj/STM32F4xx_Startup.o
                0x0000000008000360                Reset_Handler
 .init          0x000000000800039c       0xac Output/PWM Debug/Obj/STM32F446x_Vectors.o
                0x000000000800039c                NMI_Handler
                0x000000000800039e                HardFault_Handler
                0x00000000080003a0                SVC_Handler
                0x00000000080003a2                PendSV_Handler
                0x00000000080003a4                SysTick_Handler
                0x00000000080003a8                WWDG_IRQHandler
                0x00000000080003aa                TAMP_STAMP_IRQHandler
                0x00000000080003ac                RTC_WKUP_IRQHandler
                0x00000000080003ae                FLASH_IRQHandler
                0x00000000080003b0                RCC_IRQHandler
                0x00000000080003b2                EXTI0_IRQHandler
                0x00000000080003b4                EXTI1_IRQHandler
                0x00000000080003b6                EXTI2_IRQHandler
                0x00000000080003b8                EXTI3_IRQHandler
                0x00000000080003ba                EXTI4_IRQHandler
                0x00000000080003bc                DMA1_Stream0_IRQHandler
                0x00000000080003be                DMA1_Stream1_IRQHandler
                0x00000000080003c0                DMA1_Stream2_IRQHandler
                0x00000000080003c2                DMA1_Stream3_IRQHandler
                0x00000000080003c4                DMA1_Stream4_IRQHandler
                0x00000000080003c6                DMA1_Stream5_IRQHandler
                0x00000000080003c8                DMA1_Stream6_IRQHandler
                0x00000000080003ca                ADC_IRQHandler
                0x00000000080003cc                CAN1_TX_IRQHandler
                0x00000000080003ce                CAN1_RX0_IRQHandler
                0x00000000080003d0                CAN1_RX1_IRQHandler
                0x00000000080003d2                CAN1_SCE_IRQHandler
                0x00000000080003d4                EXTI9_5_IRQHandler
                0x00000000080003d6                TIM1_BRK_TIM9_IRQHandler
                0x00000000080003d8                TIM1_UP_TIM10_IRQHandler
                0x00000000080003da                TIM1_TRG_COM_TIM11_IRQHandler
                0x00000000080003dc                TIM1_CC_IRQHandler
                0x00000000080003de                TIM2_IRQHandler
                0x00000000080003e0                TIM3_IRQHandler
                0x00000000080003e2                TIM4_IRQHandler
                0x00000000080003e4                I2C1_EV_IRQHandler
                0x00000000080003e6                I2C1_ER_IRQHandler
                0x00000000080003e8                I2C2_EV_IRQHandler
                0x00000000080003ea                I2C2_ER_IRQHandler
                0x00000000080003ec                SPI1_IRQHandler
                0x00000000080003ee                SPI2_IRQHandler
                0x00000000080003f0                USART1_IRQHandler
                0x00000000080003f2                USART2_IRQHandler
                0x00000000080003f4                USART3_IRQHandler
                0x00000000080003f6                EXTI15_10_IRQHandler
                0x00000000080003f8                RTC_Alarm_IRQHandler
                0x00000000080003fa                OTG_FS_WKUP_IRQHandler
                0x00000000080003fc                TIM8_BRK_TIM12_IRQHandler
                0x00000000080003fe                TIM8_UP_TIM13_IRQHandler
                0x0000000008000400                TIM8_TRG_COM_TIM14_IRQHandler
                0x0000000008000402                TIM8_CC_IRQHandler
                0x0000000008000404                DMA1_Stream7_IRQHandler
                0x0000000008000406                FMC_IRQHandler
                0x0000000008000408                SDIO_IRQHandler
                0x000000000800040a                TIM5_IRQHandler
                0x000000000800040c                SPI3_IRQHandler
                0x000000000800040e                UART4_IRQHandler
                0x0000000008000410                UART5_IRQHandler
                0x0000000008000412                TIM6_DAC_IRQHandler
                0x0000000008000414                TIM7_IRQHandler
                0x0000000008000416                DMA2_Stream0_IRQHandler
                0x0000000008000418                DMA2_Stream1_IRQHandler
                0x000000000800041a                DMA2_Stream2_IRQHandler
                0x000000000800041c                DMA2_Stream3_IRQHandler
                0x000000000800041e                DMA2_Stream4_IRQHandler
                0x0000000008000420                ETH_IRQHandler
                0x0000000008000422                ETH_WKUP_IRQHandler
                0x0000000008000424                CAN2_TX_IRQHandler
                0x0000000008000426                CAN2_RX0_IRQHandler
                0x0000000008000428                CAN2_RX1_IRQHandler
                0x000000000800042a                CAN2_SCE_IRQHandler
                0x000000000800042c                OTG_FS_IRQHandler
                0x000000000800042e                DMA2_Stream5_IRQHandler
                0x0000000008000430                DMA2_Stream6_IRQHandler
                0x0000000008000432                DMA2_Stream7_IRQHandler
                0x0000000008000434                USART6_IRQHandler
                0x0000000008000436                I2C3_EV_IRQHandler
                0x0000000008000438                I2C3_ER_IRQHandler
                0x000000000800043a                DCMI_IRQHandler
                0x000000000800043c                UART7_IRQHandler
                0x000000000800043e                UART8_IRQHandler
                0x0000000008000440                SPI4_IRQHandler
                0x0000000008000442                LCD_TFT_IRQHandler
                0x0000000008000444                LCD_TFT_1_IRQHandler
                0x0000000008000448                __init_end__ = (__init_start__ + SIZEOF (.init))
                0x00000000000002a0                __init_size__ = SIZEOF (.init)
                0x0000000008000448                __init_load_end__ = __init_end__
                0x0000000000000001                . = ASSERT (((__init_start__ == __init_end__) || ((__init_end__ - __FLASH_segment_start__) <= __FLASH_segment_size__)), error: .init is too large to fit in FLASH memory segment)
                0x0000000008000448                __init_rodata_load_start__ = ALIGN (__init_end__, 0x4)

.init_rodata    0x0000000008000448        0x0
                0x0000000008000448                __init_rodata_start__ = .
 *(.init_rodata .init_rodata.*)
                0x0000000008000448                __init_rodata_end__ = (__init_rodata_start__ + SIZEOF (.init_rodata))
                0x0000000000000000                __init_rodata_size__ = SIZEOF (.init_rodata)
                0x0000000008000448                __init_rodata_load_end__ = __init_rodata_end__
                0x0000000000000001                . = ASSERT (((__init_rodata_start__ == __init_rodata_end__) || ((__init_rodata_end__ - __FLASH_segment_start__) <= __FLASH_segment_size__)), error: .init_rodata is too large to fit in FLASH memory segment)
                0x0000000008000448                __text_load_start__ = ALIGN (__init_rodata_end__, 0x4)

.text           0x0000000008000448      0x1b0
                0x0000000008000448                __text_start__ = .
 *(.text .text.* .glue_7t .glue_7 .gnu.linkonce.t.* .gcc_except_table .ARM.extab* .gnu.linkonce.armextab.*)
 .glue_7        0x0000000008000448        0x0 linker stubs
 .glue_7t       0x0000000008000448        0x0 linker stubs
 .text.main     0x0000000008000448      0x1b0 Output/PWM Debug/Obj/main.o
                0x0000000008000448                main
                0x00000000080005f8                __text_end__ = (__text_start__ + SIZEOF (.text))
                0x00000000000001b0                __text_size__ = SIZEOF (.text)
                0x00000000080005f8                __text_load_end__ = __text_end__

.vfp11_veneer   0x0000000100000000        0x0
 .vfp11_veneer  0x0000000100000000        0x0 linker stubs

.v4_bx          0x0000000100000000        0x0
 .v4_bx         0x0000000100000000        0x0 linker stubs

.iplt           0x0000000100000000        0x0
 .iplt          0x0000000100000000        0x0 Output/PWM Debug/Obj/system_stm32f4xx.o

.rel.dyn        0x0000000008000000        0x0
 .rel.iplt      0x0000000008000000        0x0 Output/PWM Debug/Obj/system_stm32f4xx.o
                0x0000000000000001                . = ASSERT (((__text_start__ == __text_end__) || ((__text_end__ - __FLASH_segment_start__) <= __FLASH_segment_size__)), error: .text is too large to fit in FLASH memory segment)
                0x00000000080005f8                __dtors_load_start__ = ALIGN (__text_end__, 0x4)

.dtors          0x00000000080005f8        0x0
                0x00000000080005f8                __dtors_start__ = .
 *(SORT_BY_NAME(.dtors.*))
 *(.dtors)
 *(.fini_array)
 *(SORT_BY_NAME(.fini_array.*))
                0x00000000080005f8                __dtors_end__ = (__dtors_start__ + SIZEOF (.dtors))
                0x0000000000000000                __dtors_size__ = SIZEOF (.dtors)
                0x00000000080005f8                __dtors_load_end__ = __dtors_end__
                0x0000000000000001                . = ASSERT (((__dtors_start__ == __dtors_end__) || ((__dtors_end__ - __FLASH_segment_start__) <= __FLASH_segment_size__)), error: .dtors is too large to fit in FLASH memory segment)
                0x00000000080005f8                __ctors_load_start__ = ALIGN (__dtors_end__, 0x4)

.ctors          0x00000000080005f8        0x0
                0x00000000080005f8                __ctors_start__ = .
 *(SORT_BY_NAME(.ctors.*))
 *(.ctors)
 *(.init_array)
 *(SORT_BY_NAME(.init_array.*))
                0x00000000080005f8                __ctors_end__ = (__ctors_start__ + SIZEOF (.ctors))
                0x0000000000000000                __ctors_size__ = SIZEOF (.ctors)
                0x00000000080005f8                __ctors_load_end__ = __ctors_end__
                0x0000000000000001                . = ASSERT (((__ctors_start__ == __ctors_end__) || ((__ctors_end__ - __FLASH_segment_start__) <= __FLASH_segment_size__)), error: .ctors is too large to fit in FLASH memory segment)
                0x00000000080005f8                __rodata_load_start__ = ALIGN (__ctors_end__, 0x4)

.rodata         0x00000000080005f8        0x0
                0x00000000080005f8                __rodata_start__ = .
 *(.rodata .rodata.* .gnu.linkonce.r.*)
                0x00000000080005f8                __rodata_end__ = (__rodata_start__ + SIZEOF (.rodata))
                0x0000000000000000                __rodata_size__ = SIZEOF (.rodata)
                0x00000000080005f8                __rodata_load_end__ = __rodata_end__
                0x0000000000000001                . = ASSERT (((__rodata_start__ == __rodata_end__) || ((__rodata_end__ - __FLASH_segment_start__) <= __FLASH_segment_size__)), error: .rodata is too large to fit in FLASH memory segment)
                0x00000000080005f8                __ARM.exidx_load_start__ = ALIGN (__rodata_end__, 0x4)

.ARM.exidx      0x00000000080005f8        0x0
                0x00000000080005f8                __ARM.exidx_start__ = .
                0x00000000080005f8                __exidx_start = __ARM.exidx_start__
 *(.ARM.exidx .ARM.exidx.*)
                0x00000000080005f8                __ARM.exidx_end__ = (__ARM.exidx_start__ + SIZEOF (.ARM.exidx))
                0x0000000000000000                __ARM.exidx_size__ = SIZEOF (.ARM.exidx)
                0x00000000080005f8                __exidx_end = __ARM.exidx_end__
                0x00000000080005f8                __ARM.exidx_load_end__ = __ARM.exidx_end__
                0x0000000000000001                . = ASSERT (((__ARM.exidx_start__ == __ARM.exidx_end__) || ((__ARM.exidx_end__ - __FLASH_segment_start__) <= __FLASH_segment_size__)), error: .ARM.exidx is too large to fit in FLASH memory segment)
                0x00000000080005f8                __fast_load_start__ = ALIGN (__ARM.exidx_end__, 0x4)

.fast           0x0000000020000000        0x0 load address 0x00000000080005f8
                0x0000000020000000                __fast_start__ = .
 *(.fast .fast.*)
                0x0000000020000000                __fast_end__ = (__fast_start__ + SIZEOF (.fast))
                0x0000000000000000                __fast_size__ = SIZEOF (.fast)
                0x00000000080005f8                __fast_load_end__ = (__fast_load_start__ + SIZEOF (.fast))
                0x0000000000000001                . = ASSERT (((__fast_load_start__ == __fast_load_end__) || ((__fast_load_end__ - __FLASH_segment_start__) <= __FLASH_segment_size__)), error: .fast is too large to fit in FLASH memory segment)

.fast_run       0x0000000020000000        0x0
                0x0000000020000000                __fast_run_start__ = .
                0x0000000020000000                . = MAX ((__fast_run_start__ + SIZEOF (.fast)), .)
                0x0000000020000000                __fast_run_end__ = (__fast_run_start__ + SIZEOF (.fast_run))
                0x0000000000000000                __fast_run_size__ = SIZEOF (.fast_run)
                0x0000000020000000                __fast_run_load_end__ = __fast_run_end__
                0x0000000000000001                . = ASSERT (((__fast_run_start__ == __fast_run_end__) || ((__fast_run_end__ - __RAM_segment_start__) <= __RAM_segment_size__)), error: .fast_run is too large to fit in RAM memory segment)
                0x00000000080005f8                __data_load_start__ = ALIGN ((__fast_load_start__ + SIZEOF (.fast)), 0x4)

.data           0x0000000020000000        0x0 load address 0x00000000080005f8
                0x0000000020000000                __data_start__ = .
 *(.data .data.* .gnu.linkonce.d.*)
                0x0000000020000000                __data_end__ = (__data_start__ + SIZEOF (.data))
                0x0000000000000000                __data_size__ = SIZEOF (.data)
                0x00000000080005f8                __data_load_end__ = (__data_load_start__ + SIZEOF (.data))

.igot.plt       0x0000000100000000        0x0
 .igot.plt      0x0000000100000000        0x0 Output/PWM Debug/Obj/system_stm32f4xx.o
                0x0000000000000001                . = ASSERT (((__data_load_start__ == __data_load_end__) || ((__data_load_end__ - __FLASH_segment_start__) <= __FLASH_segment_size__)), error: .data is too large to fit in FLASH memory segment)

.data_run       0x0000000020000000        0x0
                0x0000000020000000                __data_run_start__ = .
                0x0000000020000000                . = MAX ((__data_run_start__ + SIZEOF (.data)), .)
                0x0000000020000000                __data_run_end__ = (__data_run_start__ + SIZEOF (.data_run))
                0x0000000000000000                __data_run_size__ = SIZEOF (.data_run)
                0x0000000020000000                __data_run_load_end__ = __data_run_end__
                0x0000000000000001                . = ASSERT (((__data_run_start__ == __data_run_end__) || ((__data_run_end__ - __RAM_segment_start__) <= __RAM_segment_size__)), error: .data_run is too large to fit in RAM memory segment)
                0x0000000020000000                __bss_load_start__ = ALIGN (__data_run_end__, 0x4)

.bss            0x0000000020000000        0x0
                0x0000000020000000                __bss_start__ = .
 *(.bss .bss.* .gnu.linkonce.b.*)
 *(COMMON)
                0x0000000020000000                __bss_end__ = (__bss_start__ + SIZEOF (.bss))
                0x0000000000000000                __bss_size__ = SIZEOF (.bss)
                0x0000000020000000                __bss_load_end__ = __bss_end__
                0x0000000000000001                . = ASSERT (((__bss_start__ == __bss_end__) || ((__bss_end__ - __RAM_segment_start__) <= __RAM_segment_size__)), error: .bss is too large to fit in RAM memory segment)
                0x0000000020000000                __tbss_load_start__ = ALIGN (__bss_end__, 0x4)

.tbss           0x0000000020000000        0x0
                0x0000000020000000                __tbss_start__ = .
 *(.tbss .tbss.*)
                0x0000000020000000                __tbss_end__ = (__tbss_start__ + SIZEOF (.tbss))
                0x0000000000000000                __tbss_size__ = SIZEOF (.tbss)
                0x0000000020000000                __tbss_load_end__ = __tbss_end__
                0x0000000000000001                . = ASSERT (((__tbss_start__ == __tbss_end__) || ((__tbss_end__ - __RAM_segment_start__) <= __RAM_segment_size__)), error: .tbss is too large to fit in RAM memory segment)
                0x00000000080005f8                __tdata_load_start__ = ALIGN ((__data_load_start__ + SIZEOF (.data)), 0x4)

.tdata          0x0000000020000000        0x0 load address 0x00000000080005f8
                0x0000000020000000                __tdata_start__ = .
 *(.tdata .tdata.*)
                0x0000000020000000                __tdata_end__ = (__tdata_start__ + SIZEOF (.tdata))
                0x0000000000000000                __tdata_size__ = SIZEOF (.tdata)
                0x00000000080005f8                __tdata_load_end__ = (__tdata_load_start__ + SIZEOF (.tdata))
                0x00000000080005f8                __FLASH_segment_used_end__ = (ALIGN ((__data_load_start__ + SIZEOF (.data)), 0x4) + SIZEOF (.tdata))
                0x00000000000005f8                __FLASH_segment_used_size__ = (__FLASH_segment_used_end__ - __FLASH_segment_start__)
                0x0000000000000001                . = ASSERT (((__tdata_load_start__ == __tdata_load_end__) || ((__tdata_load_end__ - __FLASH_segment_start__) <= __FLASH_segment_size__)), error: .tdata is too large to fit in FLASH memory segment)

.tdata_run      0x0000000020000000        0x0
                0x0000000020000000                __tdata_run_start__ = .
                0x0000000020000000                . = MAX ((__tdata_run_start__ + SIZEOF (.tdata)), .)
                0x0000000020000000                __tdata_run_end__ = (__tdata_run_start__ + SIZEOF (.tdata_run))
                0x0000000000000000                __tdata_run_size__ = SIZEOF (.tdata_run)
                0x0000000020000000                __tdata_run_load_end__ = __tdata_run_end__
                0x0000000000000001                . = ASSERT (((__tdata_run_start__ == __tdata_run_end__) || ((__tdata_run_end__ - __RAM_segment_start__) <= __RAM_segment_size__)), error: .tdata_run is too large to fit in RAM memory segment)
                0x0000000020000000                __non_init_load_start__ = ALIGN (__tdata_run_end__, 0x4)

.non_init       0x0000000020000000        0x0
                0x0000000020000000                __non_init_start__ = .
 *(.non_init .non_init.*)
                0x0000000020000000                __non_init_end__ = (__non_init_start__ + SIZEOF (.non_init))
                0x0000000000000000                __non_init_size__ = SIZEOF (.non_init)
                0x0000000020000000                __non_init_load_end__ = __non_init_end__
                0x0000000000000001                . = ASSERT (((__non_init_start__ == __non_init_end__) || ((__non_init_end__ - __RAM_segment_start__) <= __RAM_segment_size__)), error: .non_init is too large to fit in RAM memory segment)
                0x0000000020000000                __heap_load_start__ = ALIGN (__non_init_end__, 0x4)

.heap           0x0000000020000000      0x100
                0x0000000020000000                __heap_start__ = .
 *(.heap .heap.*)
                0x0000000020000100                . = ALIGN (MAX ((__heap_start__ + __HEAPSIZE__), .), 0x4)
 *fill*         0x0000000020000000      0x100 
                0x0000000020000100                __heap_end__ = (__heap_start__ + SIZEOF (.heap))
                0x0000000000000100                __heap_size__ = SIZEOF (.heap)
                0x0000000020000100                __heap_load_end__ = __heap_end__
                0x0000000000000001                . = ASSERT (((__heap_start__ == __heap_end__) || ((__heap_end__ - __RAM_segment_start__) <= __RAM_segment_size__)), error: .heap is too large to fit in RAM memory segment)
                0x000000002001ff00                __stack_load_start__ = (__RAM_segment_start__ + (__RAM_segment_size__ - 0x100))

.stack          0x000000002001ff00      0x100
                0x000000002001ff00                __stack_start__ = .
 *(.stack .stack.*)
                0x0000000020020000                . = ALIGN (MAX ((__stack_start__ + __STACKSIZE__), .), 0x8)
 *fill*         0x000000002001ff00      0x100 
                0x0000000020020000                __stack_end__ = (__stack_start__ + SIZEOF (.stack))
                0x0000000000000100                __stack_size__ = SIZEOF (.stack)
                0x0000000020020000                __stack_load_end__ = __stack_end__
                0x0000000000000001                . = ASSERT (((__stack_start__ == __stack_end__) || ((__stack_end__ - __RAM_segment_start__) <= __RAM_segment_size__)), error: .stack is too large to fit in RAM memory segment)
                0x0000000000000001                . = ASSERT ((__heap_end__ <= __stack_start__), error: section .heap overlaps absolute placed section .stack)
                0x0000000020020000                __stack_process_load_start__ = ALIGN (__stack_end__, 0x8)

.stack_process  0x0000000020020000        0x0
                0x0000000020020000                __stack_process_start__ = .
 *(.stack_process .stack_process.*)
                0x0000000020020000                . = ALIGN (MAX ((__stack_process_start__ + __STACKSIZE_PROCESS__), .), 0x8)
                0x0000000020020000                __stack_process_end__ = (__stack_process_start__ + SIZEOF (.stack_process))
                0x0000000000000000                __stack_process_size__ = SIZEOF (.stack_process)
                0x0000000020020000                __stack_process_load_end__ = __stack_process_end__
                0x0000000020020000                __RAM_segment_used_end__ = (ALIGN (__stack_end__, 0x8) + SIZEOF (.stack_process))
                0x0000000000020000                __RAM_segment_used_size__ = (__RAM_segment_used_end__ - __RAM_segment_start__)
                0x0000000000000001                . = ASSERT (((__stack_process_start__ == __stack_process_end__) || ((__stack_process_end__ - __RAM_segment_start__) <= __RAM_segment_size__)), error: .stack_process is too large to fit in RAM memory segment)
START GROUP
LOAD Output/PWM Debug/Obj/system_stm32f4xx.o
LOAD Output/PWM Debug/Obj/SEGGER_RTT.o
LOAD Output/PWM Debug/Obj/SEGGER_RTT_SES.o
LOAD Output/PWM Debug/Obj/main.o
LOAD Output/PWM Debug/Obj/thumb_crt0.o
LOAD Output/PWM Debug/Obj/STM32F4xx_Startup.o
LOAD Output/PWM Debug/Obj/STM32F446x_Vectors.o
LOAD D:/Program Files/SEGGER/SEGGER Embedded Studio for ARM 4.50/lib/libdebugio_mempoll_v7em_fpv4_sp_d16_hard_t_le_eabi.a
LOAD D:/Program Files/SEGGER/SEGGER Embedded Studio for ARM 4.50/lib/libm_v7em_fpv4_sp_d16_hard_t_le_eabi.a
LOAD D:/Program Files/SEGGER/SEGGER Embedded Studio for ARM 4.50/lib/libc_v7em_fpv4_sp_d16_hard_t_le_eabi.a
LOAD D:/Program Files/SEGGER/SEGGER Embedded Studio for ARM 4.50/lib/libcpp_v7em_fpv4_sp_d16_hard_t_le_eabi.a
LOAD D:/Program Files/SEGGER/SEGGER Embedded Studio for ARM 4.50/lib/libdebugio_v7em_fpv4_sp_d16_hard_t_le_eabi.a
LOAD D:/Program Files/SEGGER/SEGGER Embedded Studio for ARM 4.50/lib/libvfprintf_v7em_fpv4_sp_d16_hard_t_le_eabi.o
LOAD D:/Program Files/SEGGER/SEGGER Embedded Studio for ARM 4.50/lib/libvfscanf_v7em_fpv4_sp_d16_hard_t_le_eabi.o
END GROUP
OUTPUT(Output/Debug/Exe/PWM.elf elf32-littlearm)

.debug_frame    0x0000000000000000       0x78
 .debug_frame   0x0000000000000000       0x40 Output/PWM Debug/Obj/system_stm32f4xx.o
 .debug_frame   0x0000000000000040       0x38 Output/PWM Debug/Obj/main.o

.debug_types    0x0000000000000000      0x75e
 .debug_types   0x0000000000000000      0x22c Output/PWM Debug/Obj/system_stm32f4xx.o
 .debug_types   0x000000000000022c      0x1fc Output/PWM Debug/Obj/system_stm32f4xx.o
 .debug_types   0x0000000000000428      0x165 Output/PWM Debug/Obj/main.o
 .debug_types   0x000000000000058d       0x5c Output/PWM Debug/Obj/main.o
 .debug_types   0x00000000000005e9       0xd4 Output/PWM Debug/Obj/main.o
 .debug_types   0x00000000000006bd       0xa1 Output/PWM Debug/Obj/main.o

.debug_info     0x0000000000000000      0x3ae
 .debug_info    0x0000000000000000      0x1ab Output/PWM Debug/Obj/system_stm32f4xx.o
 .debug_info    0x00000000000001ab      0x195 Output/PWM Debug/Obj/main.o
 .debug_info    0x0000000000000340       0x22 Output/PWM Debug/Obj/thumb_crt0.o
 .debug_info    0x0000000000000362       0x26 Output/PWM Debug/Obj/STM32F4xx_Startup.o
 .debug_info    0x0000000000000388       0x26 Output/PWM Debug/Obj/STM32F446x_Vectors.o

.debug_abbrev   0x0000000000000000      0x27c
 .debug_abbrev  0x0000000000000000      0x135 Output/PWM Debug/Obj/system_stm32f4xx.o
 .debug_abbrev  0x0000000000000135      0x10d Output/PWM Debug/Obj/main.o
 .debug_abbrev  0x0000000000000242       0x12 Output/PWM Debug/Obj/thumb_crt0.o
 .debug_abbrev  0x0000000000000254       0x14 Output/PWM Debug/Obj/STM32F4xx_Startup.o
 .debug_abbrev  0x0000000000000268       0x14 Output/PWM Debug/Obj/STM32F446x_Vectors.o

.debug_pubnames
                0x0000000000000000       0x8e
 .debug_pubnames
                0x0000000000000000       0x73 Output/PWM Debug/Obj/system_stm32f4xx.o
 .debug_pubnames
                0x0000000000000073       0x1b Output/PWM Debug/Obj/main.o

.debug_pubtypes
                0x0000000000000000      0x205
 .debug_pubtypes
                0x0000000000000000       0xe1 Output/PWM Debug/Obj/system_stm32f4xx.o
 .debug_pubtypes
                0x00000000000000e1      0x124 Output/PWM Debug/Obj/main.o

.debug_aranges  0x0000000000000000      0x108
 .debug_aranges
                0x0000000000000000       0x28 Output/PWM Debug/Obj/system_stm32f4xx.o
 .debug_aranges
                0x0000000000000028       0x20 Output/PWM Debug/Obj/main.o
 .debug_aranges
                0x0000000000000048       0x80 Output/PWM Debug/Obj/thumb_crt0.o
 .debug_aranges
                0x00000000000000c8       0x20 Output/PWM Debug/Obj/STM32F4xx_Startup.o
 .debug_aranges
                0x00000000000000e8       0x20 Output/PWM Debug/Obj/STM32F446x_Vectors.o

.debug_ranges   0x0000000000000000       0xa0
 .debug_ranges  0x0000000000000000       0x18 Output/PWM Debug/Obj/system_stm32f4xx.o
 .debug_ranges  0x0000000000000018       0x10 Output/PWM Debug/Obj/main.o
 .debug_ranges  0x0000000000000028       0x78 Output/PWM Debug/Obj/thumb_crt0.o

.debug_macro    0x0000000000000000    0x18325
 .debug_macro   0x0000000000000000       0x93 Output/PWM Debug/Obj/system_stm32f4xx.o
 .debug_macro   0x0000000000000093      0xad8 Output/PWM Debug/Obj/system_stm32f4xx.o
 .debug_macro   0x0000000000000b6b       0x33 Output/PWM Debug/Obj/system_stm32f4xx.o
 .debug_macro   0x0000000000000b9e       0x28 Output/PWM Debug/Obj/system_stm32f4xx.o
 .debug_macro   0x0000000000000bc6      0x1a3 Output/PWM Debug/Obj/system_stm32f4xx.o
 .debug_macro   0x0000000000000d69       0x35 Output/PWM Debug/Obj/system_stm32f4xx.o
 .debug_macro   0x0000000000000d9e       0x50 Output/PWM Debug/Obj/system_stm32f4xx.o
 .debug_macro   0x0000000000000dee      0xe66 Output/PWM Debug/Obj/system_stm32f4xx.o
 .debug_macro   0x0000000000001c54    0x1661c Output/PWM Debug/Obj/system_stm32f4xx.o
 .debug_macro   0x0000000000018270       0x43 Output/PWM Debug/Obj/system_stm32f4xx.o
 .debug_macro   0x00000000000182b3       0x72 Output/PWM Debug/Obj/main.o

.debug_line     0x0000000000000000      0x8e5
 .debug_line    0x0000000000000000      0x2f5 Output/PWM Debug/Obj/system_stm32f4xx.o
 .debug_line    0x00000000000002f5      0x25d Output/PWM Debug/Obj/main.o
 .debug_line    0x0000000000000552      0x1ed Output/PWM Debug/Obj/thumb_crt0.o
 .debug_line    0x000000000000073f       0xb4 Output/PWM Debug/Obj/STM32F4xx_Startup.o
 .debug_line    0x00000000000007f3       0xf2 Output/PWM Debug/Obj/STM32F446x_Vectors.o

.debug_str      0x0000000000000000    0x861ad
 .debug_str     0x0000000000000000    0x85e0c Output/PWM Debug/Obj/system_stm32f4xx.o
                                      0x85e96 (size before relaxing)
 .debug_str     0x0000000000085e0c      0x269 Output/PWM Debug/Obj/main.o
                                      0x85b2c (size before relaxing)
 .debug_str     0x0000000000086075       0x61 Output/PWM Debug/Obj/thumb_crt0.o
                                         0xa7 (size before relaxing)
 .debug_str     0x00000000000860d6       0x6b Output/PWM Debug/Obj/STM32F4xx_Startup.o
                                         0xbf (size before relaxing)
 .debug_str     0x0000000000086141       0x6c Output/PWM Debug/Obj/STM32F446x_Vectors.o
                                         0xc0 (size before relaxing)

.comment        0x0000000000000000       0x47
 .comment       0x0000000000000000       0x47 Output/PWM Debug/Obj/system_stm32f4xx.o
                                         0x48 (size before relaxing)
 .comment       0x0000000000000047       0x48 Output/PWM Debug/Obj/main.o

.ARM.attributes
                0x0000000000000000       0x37
 .ARM.attributes
                0x0000000000000000       0x39 Output/PWM Debug/Obj/system_stm32f4xx.o
 .ARM.attributes
                0x0000000000000039       0x39 Output/PWM Debug/Obj/main.o
 .ARM.attributes
                0x0000000000000072       0x25 Output/PWM Debug/Obj/thumb_crt0.o
 .ARM.attributes
                0x0000000000000097       0x25 Output/PWM Debug/Obj/STM32F4xx_Startup.o
 .ARM.attributes
                0x00000000000000bc       0x25 Output/PWM Debug/Obj/STM32F446x_Vectors.o
